{"t":1787345310.024,"who":"pb-maker","action":"place","outcome":"ok","hash":"31ad80ec60eae965092b826e905bd3d4856186a861bf6b0f4671d0b32441cd30","ledger":4264542,"isBid":false,"limit":122,"qty":"4","crossed":0}
{"t":1787345315.116,"who":"pb-taker","action":"place","outcome":"ok","hash":"0394008bcf1086ce356068d1a860f580e21bed3195d24a26901fe12f57475e71","ledger":4264543,"isBid":true,"limit":122,"qty":"2","crossed":1}
{"t":1787345317.572,"who":"pb-maker","action":"place","outcome":"typed:LevelFull@simulation","isBid":true,"limit":80,"qty":"6","crossed":0}
{"t":1787345317.713,"who":"pb-maker","action":"place","outcome":"typed:LevelFull@simulation","isBid":true,"limit":79,"qty":"3","crossed":0}
{"t":1787345317.838,"who":"pb-maker","action":"place","outcome":"typed:LevelFull@simulation","isBid":true,"limit":78,"qty":"5","crossed":0}
{"t":1787345317.966,"who":"pb-maker","action":"place","outcome":"typed:LevelFull@simulation","isBid":true,"limit":77,"qty":"5","crossed":0}
{"t":1787345320.065,"who":"pb-maker","action":"place","outcome":"ok","hash":"97ee51b605f17e2da9771970f965880d30f13b911112509b33166b9d5ff658a8","ledger":4264544,"isBid":true,"limit":76,"qty":"6","crossed":0}
{"t":1787345325.272,"who":"pb-taker","action":"place","outcome":"ok","hash":"6557ba97ce605811155023714c0aad7a07710a0ff42fd6e01472478082339cd4","ledger":4264545,"isBid":false,"limit":99,"qty":"3","crossed":1}
{"t":1787345327.769,"who":"pb-maker","action":"place","outcome":"typed:LevelFull@simulation","isBid":true,"limit":77,"qty":"3","crossed":0}
{"t":1787345330.934,"who":"pb-maker","action":"place","outcome":"ok","hash":"4f7afbc213c6aefd24d5dbfaa320505eeeb40c83e54a7146062af5bb3d9e0a32","ledger":4264546,"isBid":true,"limit":76,"qty":"4","crossed":0}
{"t":1787345335.832,"who":"pb-taker","action":"place","outcome":"ok","hash":"837b563f19ef800f6fe68a9c4283ba5761760d74fd252bd0cb4f32ab40d7099e","ledger":4264547,"isBid":true,"limit":122,"qty":"1","crossed":1}
{"t":1787345335.974,"who":"pb-taker","action":"settle","outcome":"typed:UnknownOrder@simulation","nonce":"1787345307708002","tick":122}
{"t":1787345338.161,"who":"pb-maker","action":"place","outcome":"typed:LevelFull@simulation","isBid":true,"limit":79,"qty":"6","crossed":0}
{"t":1787345338.292,"who":"pb-maker","action":"place","outcome":"typed:LevelFull@simulation","isBid":true,"limit":78,"qty":"4","crossed":0}
{"t":1787345338.424,"who":"pb-maker","action":"place","outcome":"typed:LevelFull@simulation","isBid":true,"limit":77,"qty":"4","crossed":0}
{"t":1787345346.042,"who":"pb-maker","action":"place","outcome":"ok","hash":"4a9de5ae284a5d59d8b1188db326780db239a53b4ffe361d688f697a1231e5a6","ledger":4264549,"isBid":true,"limit":76,"qty":"5","crossed":0}
{"t":1787345350.693,"who":"pb-maker","action":"replace","outcome":"ok","hash":"1f90d2648a862383ccbc27922b69b6a842fa0e5fb7264ad951256c4085a03895","ledger":4264550,"from":122,"to":123}
{"t":1787345355.435,"who":"pb-maker","action":"replace","outcome":"ok","hash":"4834504bc38aeacdeed2f8d753f697d41639c8a20e142998ccf553a30dbbcd2c","ledger":4264551,"from":76,"to":75}
{"t":1787345360.274,"who":"pb-taker","action":"place","outcome":"ok","hash":"04a00c997ef257b7fceb706a0e782e6cf56ac50c61c0fc894ea09d6448f31c81","ledger":4264552,"isBid":false,"limit":94,"qty":"4","crossed":2}
{"t":1787345360.799,"who":"pb-taker","action":"settle","outcome":"typed:UnknownOrder@simulation","nonce":"1787345307708008","tick":99}
{"t":1787345363.011,"who":"pb-maker","action":"place","outcome":"typed:LevelFull@simulation","isBid":true,"limit":78,"qty":"6","crossed":0}
{"t":1787345363.189,"who":"pb-maker","action":"place","outcome":"typed:LevelFull@simulation","isBid":true,"limit":77,"qty":"6","crossed":0}
{"t":1787345365.209,"who":"pb-maker","action":"place","outcome":"ok","hash":"1db476d31e959e058d877dd63b011b0ce6d2d6090500e7069428e361fe7cdd2b","ledger":4264553,"isBid":true,"limit":76,"qty":"4","crossed":0}
{"t":1787345370.229,"who":"pb-taker","action":"place","outcome":"ok","hash":"934e4dfb5efaaae0a50066de74eef3bde3aa64b967e618ce7937faa464b6c5b9","ledger":4264554,"isBid":true,"limit":122,"qty":"1","crossed":1}
{"t":1787345370.31,"who":"pb-taker","action":"settle","outcome":"typed:UnknownOrder@simulation","nonce":"1787345307708011","tick":122}
{"t":1787345375.634,"who":"pb-maker","action":"place","outcome":"ok","hash":"184c25a3d236ac8e4f6bde0d4952a7476a9216620ad71d0e731e68ace9b00c61","ledger":4264555,"isBid":true,"limit":72,"qty":"4","crossed":0}
{"t":1787345375.694,"who":"pb-maker","action":"replace","outcome":"typed:LevelFull@simulation","from":76,"to":77}
{"t":1787345375.829,"who":"pb-maker","action":"replace","outcome":"typed:LevelFull@simulation","from":76,"to":77}
{"t":1787345381.061,"who":"pb-taker","action":"place","outcome":"ok","hash":"80d95872adaf3b75e54839485c03f1a59bbbec69a390f306182e09997b8ebc3d","ledger":4264556,"isBid":true,"limit":124,"qty":"4","crossed":1}
{"t":1787345381.573,"who":"pb-taker","action":"settle","outcome":"typed:UnknownOrder@simulation","nonce":"1787345307708016","tick":94}
{"t":1787345383.855,"who":"pb-maker","action":"place","outcome":"typed:Crossed@simulation","isBid":false,"limit":122,"qty":"4","crossed":2}
{"t":1787345390.974,"who":"pb-taker","action":"place","outcome":"ok","hash":"952f6741bb5fe03b0aded607cd0603daa02b6580ce086f3952659f2e7f11bd50","ledger":4264558,"isBid":false,"limit":121,"qty":"3","crossed":2}
{"t":1787345395.894,"who":"pb-taker","action":"settle","outcome":"ok","hash":"321a7e8ffdeae24d151955655416c319cf478c8cbfe04cf0f0decf23c912aa87","ledger":4264559,"nonce":"1787345307708020","tick":122}
{"t":1787345401.131,"who":"pb-maker","action":"place","outcome":"ok","hash":"eb0ceccc715664aefbe0debd2e9c32d40e0cfe804ab54153262fa048363c8b3b","ledger":4264560,"isBid":false,"limit":129,"qty":"5","crossed":0}
{"t":1787345406.045,"who":"pb-maker","action":"settle","outcome":"ok","hash":"df7c551b888ad968ca0bb50f701c74218c037f92952a78ae40405ad536c7bec6","ledger":4264561,"nonce":"1787345307708001","tick":123}
{"t":1787345410.895,"who":"pb-maker","action":"settle","outcome":"ok","hash":"e3468264449811b5a065ed4d142dad5f59fb5e58cb20cdafc7d162307952d598","ledger":4264562,"nonce":"1787345307708007","tick":75}
{"t":1787345416.234,"who":"pb-taker","action":"place","outcome":"ok","hash":"f68164483dfe4bba158e7a7d2deeb16193a713f812c765c683b8fdc2254ea264","ledger":4264563,"isBid":false,"limit":95,"qty":"2","crossed":2}
{"t":1787345420.983,"who":"pb-taker","action":"settle","outcome":"ok","hash":"833e48bf44fcca88b9981856a081ed0303d29af2807aa4981abe09570e231053","ledger":4264564,"nonce":"1787345307708022","tick":124}
{"t":1787345425.608,"who":"pb-maker","action":"place","outcome":"ok","hash":"ff705a4e0d3d6044afeec7ca573e36b6a18eb84b1237fd72a1c82811eb2a1819","ledger":4264565,"isBid":true,"limit":72,"qty":"6","crossed":0}
{"t":1787345425.708,"who":"pb-maker","action":"replace","outcome":"typed:LevelFull@simulation","from":76,"to":77}
{"t":1787345431.059,"who":"pb-maker","action":"replace","outcome":"ok","hash":"5acc79849c1fe7f948fce164b11fc3b76fc461e82baca6e097d99bd2ccce1445","ledger":4264566,"from":72,"to":73}
{"t":1787345435.821,"who":"pb-maker","action":"settle","outcome":"ok","hash":"75188c78681b6c9514ebb85398ab75a5cd529071c1deba7a0c8f9e3ac340ff2b","ledger":4264567,"nonce":"1787345307708010","tick":76}
{"t":1787345440.55,"who":"pb-maker","action":"settle","outcome":"ok","hash":"265b272894e732db92bc14d52f46c6e6449c1f696f309284bdd28478c2f5868f","ledger":4264568,"nonce":"1787345307708015","tick":76}
{"t":1787345445.59,"who":"pb-taker","action":"place","outcome":"ok","hash":"87d5143b627e99a880e54e5ea1d9225e479c1cf551eb7c00260637c3ecfe98bb","ledger":4264569,"isBid":false,"limit":95,"qty":"4","crossed":1}
{"t":1787345445.673,"who":"pb-taker","action":"settle","outcome":"typed:UnknownOrder@simulation","nonce":"1787345307708024","tick":121}
{"t":1787345450.377,"who":"pb-maker","action":"place","outcome":"ok","hash":"9041b83416280b95a822fbd3c0344712cd54b088eaa5ec6a197b3e47f13175af","ledger":4264570,"isBid":false,"limit":126,"qty":"6","crossed":0}
{"t":1787345455.567,"who":"pb-taker","action":"place","outcome":"ok","hash":"38b9670c4f0f384ae687df4d945a92f067103135333722108a14b788a72b86a3","ledger":4264571,"isBid":true,"limit":127,"qty":"4","crossed":1}
{"t":1787345455.636,"who":"pb-taker","action":"settle","outcome":"typed:UnknownOrder@simulation","nonce":"1787345307708026","tick":95}
{"t":1787345460.842,"who":"pb-maker","action":"place","outcome":"ok","hash":"20cde5ded00edc3aed16f3995072a2b49e6a2811bc5aa92599972f30b16091a7","ledger":4264572,"isBid":true,"limit":73,"qty":"4","crossed":0}
{"t":1787345465.513,"who":"pb-maker","action":"replace","outcome":"ok","hash":"8263850f040709cfae08b313fbca1e051a10d296f07d9bb3e2a377127a33805c","ledger":4264573,"from":129,"to":128}
{"t":1787345472.239,"who":"pb-maker","action":"replace","outcome":"ok","hash":"80e915acba45913062fcac519f03cb12d370467248837d6311681daaa13c6c68","ledger":4264574,"from":72,"to":71}
{"t":1787345475.473,"who":"pb-maker","action":"settle","outcome":"ok","hash":"f39784efb5c287573d07f77a7f0421636491c67a8b46e4cc9861dd4d5713e788","ledger":4264575,"nonce":"1787345307708019","tick":76}
{"t":1787345482.202,"who":"pb-maker","action":"settle","outcome":"ok","hash":"9a986c8e6b1d6aa3816370dd98f1be3dc3129a99fed9415fee997cc1abdf3ff8","ledger":4264576,"nonce":"1787345307708021","tick":73}
{"t":1787345485.456,"who":"pb-taker","action":"place","outcome":"ok","hash":"acdf0f962df6187a5ba20d791060d663fd5c1b7ae5c57d272d8ee299c483db53","ledger":4264577,"isBid":true,"limit":126,"qty":"2","crossed":1}
{"t":1787345485.517,"who":"pb-taker","action":"settle","outcome":"typed:UnknownOrder@simulation","nonce":"1787345307708028","tick":95}
{"t":1787345491.164,"who":"pb-maker","action":"place","outcome":"ok","hash":"bb4c5959abded8d199250731fef1168a6f2eb2223ad8198accdb7f8bea47576f","ledger":4264578,"isBid":true,"limit":73,"qty":"4","crossed":0}
{"t":1787345495.453,"who":"pb-taker","action":"place","outcome":"ok","hash":"3129b82869e09442b60bf271e299d61bb4833ecdcf3050ac589ba8a5d7d8b996","ledger":4264579,"isBid":true,"limit":131,"qty":"3","crossed":1}
{"t":1787345495.514,"who":"pb-taker","action":"settle","outcome":"typed:UnknownOrder@simulation","nonce":"1787345307708030","tick":127}
{"t":1787345500.692,"who":"pb-maker","action":"place","outcome":"ok","hash":"3b45f1c37116bbf0f3ed828d76bb83fd0534b42666cbe1efc17b916432ff6467","ledger":4264580,"isBid":false,"limit":120,"qty":"4","crossed":0}
{"t":1787345505.39,"who":"pb-maker","action":"replace","outcome":"ok","hash":"4b59f7c3e4b619b2fbc9b311ba91ede7606976078db2f9cf347122374151b07b","ledger":4264581,"from":126,"to":125}
{"t":1787345512.117,"who":"pb-maker","action":"replace","outcome":"ok","hash":"3b47eabac922ec7875186ed7e87aceb75591ae0afb3719c0da31a0120364ba6e","ledger":4264582,"from":73,"to":72}
{"t":1787345515.362,"who":"pb-taker","action":"place","outcome":"ok","hash":"d6df7379deb873285ee5a19b3f66b7a1c548c53dbd0574ed03b23acff7900702","ledger":4264583,"isBid":false,"limit":94,"qty":"2","crossed":1}
{"t":1787345515.441,"who":"pb-taker","action":"settle","outcome":"typed:UnknownOrder@simulation","nonce":"1787345307708032","tick":126}
{"t":1787345521.376,"who":"pb-maker","action":"place","outcome":"ok","hash":"db75f51039f6ce3d2e8ab17b51c78144f3d3ee17b9c1eafaacd7050d7d4860db","ledger":4264584,"isBid":true,"limit":75,"qty":"4","crossed":0}
{"t":1787345526.088,"who":"pb-maker","action":"settle","outcome":"ok","hash":"fd6e62df855a5dbd2e17e9c8bb684ea1e6fea18b6d5a0ff98c42d9f31a595013","ledger":4264585,"nonce":"1787345307708025","tick":128}
{"t":1787345530.854,"who":"pb-maker","action":"settle","outcome":"ok","hash":"403d3f5a797c07a391d3005bd807ea3bd52aea66c6464bad02458c105de3e158","ledger":4264586,"nonce":"1787345307708027","tick":71}
{"t":1787345536.233,"who":"pb-taker","action":"place","outcome":"ok","hash":"aa8804363fae60f0415d46d370a76b75dc7481ade7d0aff4c4ad883435a04787","ledger":4264587,"isBid":false,"limit":93,"qty":"2","crossed":1}
{"t":1787345536.312,"who":"pb-taker","action":"settle","outcome":"typed:UnknownOrder@simulation","nonce":"1787345307708034","tick":131}
{"t":1787345540.442,"who":"pb-maker","action":"place","outcome":"ok","hash":"9fa095780aeb0ec152f5f27cbe64b0ec707d0d73113e059156e4f5dc3426cac7","ledger":4264588,"isBid":false,"limit":121,"qty":"5","crossed":0}
{"t":1787345547.236,"who":"pb-maker","action":"replace","outcome":"ok","hash":"2ddfcfe1d53a48317f564c5c62eb7ab5c64e41f73951012f22eee7581e0e51cd","ledger":4264589,"from":73,"to":74}
{"t":1787345551.203,"who":"pb-maker","action":"replace","outcome":"ok","hash":"89eaacd567e878b04b28e8f447d42fb3f1f9578751e6ea221c0b6922b332c37e","ledger":4264590,"from":120,"to":119}
{"t":1787345556.701,"who":"pb-taker","action":"place","outcome":"ok","hash":"02fe0fb781d331205a2e2670f849cd5896d7da74a1cc0d638d6e5efc240640b2","ledger":4264591,"isBid":true,"limit":121,"qty":"2","crossed":1}
{"t":1787345556.765,"who":"pb-taker","action":"settle","outcome":"typed:UnknownOrder@simulation","nonce":"1787345307708036","tick":94}
{"t":1787345560.873,"who":"pb-maker","action":"place","outcome":"ok","hash":"069dec8a8072ae6b9b4aa583d4072e6a2e356d1177417e012ded37bc9473570f","ledger":4264592,"isBid":false,"limit":123,"qty":"6","crossed":0}
{"t":1787345565.596,"who":"pb-maker","action":"settle","outcome":"ok","hash":"d915473d6439ab228ce36a9b0edb1dbb7f7c9c7f5cb4cc955f1238db04bed61e","ledger":4264593,"nonce":"1787345307708029","tick":125}
{"t":1787345572.408,"who":"pb-maker","action":"settle","outcome":"ok","hash":"9f4682049c99effcfb3b115716527e53e7febb6707437517e6f3e88c3daeadc0","ledger":4264594,"nonce":"1787345307708031","tick":72}
{"t":1787345575.638,"who":"pb-taker","action":"place","outcome":"ok","hash":"5a32a804edf95388ceb95aa9316aab92c856c932648967f3d525979d14f19a23","ledger":4264595,"isBid":true,"limit":119,"qty":"3","crossed":1}
{"t":1787345575.702,"who":"pb-taker","action":"settle","outcome":"typed:UnknownOrder@simulation","nonce":"1787345307708038","tick":93}
{"t":1787345580.957,"who":"pb-maker","action":"place","outcome":"ok","hash":"93e870ce7456b78c5852d0d4b9e7abb663f7d600616c728fc6e450bcf90c5a62","ledger":4264596,"isBid":true,"limit":73,"qty":"5","crossed":0}
{"t":1787345585.716,"who":"pb-maker","action":"replace","outcome":"ok","hash":"8df80b7a135462a5ca4aa50f2d35d4dfec117db8f8898d98af400293a8c175a2","ledger":4264597,"from":75,"to":74}
{"t":1787345590.452,"who":"pb-maker","action":"replace","outcome":"ok","hash":"f4258d7ab447410658de5320d9d80e568bf635049dd33400f71645ea96329894","ledger":4264598,"from":121,"to":120}
{"t":1787345595.636,"who":"pb-taker","action":"place","outcome":"ok","hash":"c74f4a3ec1ba267b35c5e5d0565a74c03f1b1bd9ecd8d9ed963c1b5b3d281fb3","ledger":4264599,"isBid":true,"limit":123,"qty":"1","crossed":1}
{"t":1787345595.698,"who":"pb-taker","action":"settle","outcome":"typed:UnknownOrder@simulation","nonce":"1787345307708040","tick":121}
{"t":1787345601.104,"who":"pb-maker","action":"place","outcome":"ok","hash":"305331bd36ec5d4e07fc1e157f3fa2dad20204925019047feec66b882f4c321c","ledger":4264600,"isBid":false,"limit":126,"qty":"6","crossed":0}
{"t":1787345606.024,"who":"pb-maker","action":"settle","outcome":"ok","hash":"0743f2a9a04bb0f9a28b3d2d76671269603e3f6bb76f798c7f8245e156a452ec","ledger":4264601,"nonce":"1787345307708033","tick":74}
{"t":1787345610.65,"who":"pb-maker","action":"settle","outcome":"ok","hash":"7c13afcd8e51431caea5d6950d2cdde66c893741506c9594605121b04cc9143c","ledger":4264602,"nonce":"1787345307708035","tick":119}
{"t":1787345615.853,"who":"pb-taker","action":"place","outcome":"ok","hash":"801865b1fa2407fbf1a07249a599703c77bc614c968878964a4b08b3ff4e9ebd","ledger":4264603,"isBid":false,"limit":117,"qty":"1","crossed":1}
{"t":1787345622.582,"who":"pb-taker","action":"settle","outcome":"ok","hash":"fa4c1b742fbb79618eac9c8dbad870426d2f6fa74403752ab11a15d101634357","ledger":4264604,"nonce":"1787345307708042","tick":119}
{"t":1787345632.02,"who":"pb-maker","action":"place","outcome":"ok","hash":"b7f54664d95ef70d857678f9552a1d2e5ef735a968e68f5a2c9d8bb988007bbe","ledger":4264606,"isBid":false,"limit":121,"qty":"6","crossed":0}
{"t":1787345636.652,"who":"pb-maker","action":"replace","outcome":"ok","hash":"aaf7225e1ea9be9a4948852bd5b10667fbb6498a9397b24af12aaf61f5bf771e","ledger":4264607,"from":123,"to":122}
{"t":1787345641.456,"who":"pb-maker","action":"replace","outcome":"ok","hash":"2b38eaaa449f0555e2756452f9e3010632f1b99580143b63c494477476503a7c","ledger":4264608,"from":73,"to":72}
{"t":1787345646.292,"who":"pb-maker","action":"settle","outcome":"ok","hash":"3291c1ad658b448a21129bd5538209db1e4a3aade268c7dc0a03dc10e3a87d05","ledger":4264609,"nonce":"1787345307708037","tick":74}
{"t":1787345650.999,"who":"pb-maker","action":"settle","outcome":"ok","hash":"41aa796bc058df85e7811331dac384143ad86213402a31dc3faade4b17a8e7e4","ledger":4264610,"nonce":"1787345307708039","tick":120}
{"t":1787345656.173,"who":"pb-taker","action":"place","outcome":"ok","hash":"8948323e0126b16621bc3180da2cb1f8cdd250214f0ce7ab9ae672ae63add67f","ledger":4264611,"isBid":false,"limit":117,"qty":"3","crossed":1}
{"t":1787345656.241,"who":"pb-taker","action":"settle","outcome":"typed:UnknownOrder@simulation","nonce":"1787345307708044","tick":123}
{"t":1787345660.709,"who":"pb-maker","action":"place","outcome":"ok","hash":"546a363263b4d5c671f8c7a1d6f05e788393feb94f5310d5a58a025ee3a8b976","ledger":4264612,"isBid":false,"limit":128,"qty":"5","crossed":0}
{"t":1787345665.603,"who":"pb-taker","action":"place","outcome":"ok","hash":"f3b14d4153c4649ac091c72b1c099624cb2cd4b7236dd012981c74d065d3c8e3","ledger":4264613,"isBid":false,"limit":92,"qty":"4","crossed":1}
{"t":1787345665.954,"who":"pb-taker","action":"settle","outcome":"typed:UnknownOrder@simulation","nonce":"1787345307708046","tick":117}
{"t":1787345671.264,"who":"pb-maker","action":"place","outcome":"ok","hash":"640e66784a52d686ea3934759a23c5921e0aad0d3a1a0f4ca9c2549842a1401a","ledger":4264614,"isBid":false,"limit":120,"qty":"3","crossed":0}
{"t":1787345676.482,"who":"pb-maker","action":"replace","outcome":"ok","hash":"d6fb64445c762dd6ad1ae69fb459bdffcefda2512dfe4f6731fadfb9e143416b","ledger":4264615,"from":126,"to":125}
{"t":1787345681.192,"who":"pb-maker","action":"replace","outcome":"ok","hash":"0d82d76805095b6c029acd830ae1c20455645107716ace62771d8be478958cb9","ledger":4264616,"from":121,"to":120}
{"t":1787345686.579,"who":"pb-taker","action":"place","outcome":"ok","hash":"8a82fdfb92c51dca11ac837f4f3dc9a242784a8b6ab21e7a19367f5462e3dfc4","ledger":4264617,"isBid":true,"limit":117,"qty":"4","crossed":1}
{"t":1787345691.18,"who":"pb-taker","action":"settle","outcome":"ok","hash":"95c116ef9bbada33d9b6ba3e5459f29566abdd14d351301fa79860681011143f","ledger":4264618,"nonce":"1787345307708048","tick":117}
{"t":1787345696.535,"who":"pb-maker","action":"place","outcome":"ok","hash":"dee0589d7fe77bcb092dede698afd3cfeb9913206b48007b82f6f5d002d0908f","ledger":4264619,"isBid":false,"limit":127,"qty":"4","crossed":0}
{"t":1787345701.299,"who":"pb-maker","action":"settle","outcome":"ok","hash":"7cb7900d2019f6bcc0d348bfee3f994eae7f2664fee64ac38e363b7477cde39c","ledger":4264620,"nonce":"1787345307708041","tick":122}
{"t":1787345705.975,"who":"pb-maker","action":"settle","outcome":"ok","hash":"ef6d5fcf15e5a166f05ce6fe24a020cba17b186a7ba1649e4a2bde6c2d7fca37","ledger":4264621,"nonce":"1787345307708043","tick":72}
{"t":1787345710.787,"who":"pb-taker","action":"place","outcome":"ok","hash":"8a2a5b529290b4f6bb5d3f9cd2589f203a1898a3fc02326dd535817e59188df3","ledger":4264622,"isBid":false,"limit":116,"qty":"3","crossed":1}
{"t":1787345710.854,"who":"pb-taker","action":"settle","outcome":"typed:UnknownOrder@simulation","nonce":"1787345307708050","tick":92}
{"t":1787345713.119,"who":"pb-maker","action":"place","outcome":"typed:LevelFull@simulation","isBid":true,"limit":79,"qty":"4","crossed":0}
{"t":1787345713.367,"who":"pb-maker","action":"place","outcome":"typed:LevelFull@simulation","isBid":true,"limit":78,"qty":"4","crossed":0}
{"t":1787345713.582,"who":"pb-maker","action":"place","outcome":"typed:LevelFull@simulation","isBid":true,"limit":77,"qty":"5","crossed":0}
{"t":1787345716.169,"who":"pb-maker","action":"place","outcome":"ok","hash":"de0dd36db59eeb954eabfde55d8baebd36dbddac8cdaac580c63927509025794","ledger":4264623,"isBid":true,"limit":76,"qty":"2","crossed":0}
{"t":1787345720.784,"who":"pb-maker","action":"replace","outcome":"ok","hash":"f65bfd5d6cb9fe1010eb35ae871a91320d4e5d7ed2d772b26e2af943e0194c6e","ledger":4264624,"from":128,"to":127}
{"t":1787345727.472,"who":"pb-maker","action":"replace","outcome":"ok","hash":"bf5112bb43f18bbd5506649f8b3161737270ca33e3c53a493f8363112d3580fb","ledger":4264625,"from":120,"to":119}
{"t":1787345730.762,"who":"pb-maker","action":"settle","outcome":"ok","hash":"351e17faac282582a99ebaac8f51eac11d199b06c14785a01871db999f693c6a","ledger":4264626,"nonce":"1787345307708045","tick":125}
{"t":1787345737.49,"who":"pb-maker","action":"settle","outcome":"ok","hash":"f9ab3f31492fb4e25f9504f2e39fcdd2693f5c91c95729ab049073ee831071f3","ledger":4264627,"nonce":"1787345307708047","tick":120}
{"t":1787345740.936,"who":"pb-taker","action":"place","outcome":"ok","hash":"92d80bd201a68cec732df6e10e221aa30b2298b31a693e02f4760077535a78b8","ledger":4264628,"isBid":false,"limit":93,"qty":"3","crossed":1}
{"t":1787345747.677,"who":"pb-taker","action":"settle","outcome":"ok","hash":"7d5d4fdc5a7885a014f23224b93aeff7114cd6c786f39fe42ee37d398932bd5d","ledger":4264629,"nonce":"1787345307708052","tick":117}
{"t":1787345757.109,"who":"pb-maker","action":"place","outcome":"ok","hash":"5bb0e62a76886a0fd5846c8012a1aecd163c3d59ea5ad280fed45c8ff679a83f","ledger":4264631,"isBid":false,"limit":121,"qty":"6","crossed":0}
{"t":1787345762.142,"who":"pb-taker","action":"place","outcome":"ok","hash":"b435abd2bbbb1f5becdbfbbc036ca10460d7481d528d422928c608886b908395","ledger":4264632,"isBid":true,"limit":118,"qty":"3","crossed":1}
{"t":1787345766.833,"who":"pb-taker","action":"settle","outcome":"ok","hash":"f45f2eee9d28c3af7566d7acd23bb66e7174956c72d43191c7e8d040fa898146","ledger":4264633,"nonce":"1787345307708054","tick":116}
{"t":1787345769.014,"who":"pb-maker","action":"place","outcome":"typed:LevelFull@simulation","isBid":true,"limit":80,"qty":"2","crossed":0}
{"t":1787345769.135,"who":"pb-maker","action":"place","outcome":"typed:LevelFull@simulation","isBid":true,"limit":79,"qty":"4","crossed":0}
{"t":1787345769.261,"who":"pb-maker","action":"place","outcome":"typed:LevelFull@simulation","isBid":true,"limit":78,"qty":"5","crossed":0}
{"t":1787345769.447,"who":"pb-maker","action":"place","outcome":"typed:LevelFull@simulation","isBid":true,"limit":77,"qty":"4","crossed":0}
{"t":1787345769.568,"who":"pb-maker","action":"place","outcome":"typed:LevelFull@simulation","isBid":true,"limit":76,"qty":"2","crossed":0}
{"t":1787345771.582,"who":"pb-maker","action":"place","outcome":"ok","hash":"a55c693e8022955018a468943fb34d7553d85b9a506a03af1d8023baa78a5a6d","ledger":4264634,"isBid":true,"limit":75,"qty":"6","crossed":0}
{"t":1787345776.32,"who":"pb-maker","action":"replace","outcome":"ok","hash":"404dc25fd770416eae8cf0db6c401060a9f08ea9709ebbf988a761b645a44509","ledger":4264635,"from":127,"to":128}
{"t":1787345776.393,"who":"pb-maker","action":"replace","outcome":"typed:LevelFull@simulation","from":76,"to":77}
{"t":1787345781.034,"who":"pb-maker","action":"settle","outcome":"ok","hash":"a766ffd7b2de5c30833ac449e4386550f8b399ccee560433f8641f9884db1deb","ledger":4264636,"nonce":"1787345307708049","tick":127}
{"t":1787345787.756,"who":"pb-maker","action":"settle","outcome":"ok","hash":"364048936fdfc4dc709c74e31cab7976ee2db692f72fecd3ff7f0e07092aaab0","ledger":4264637,"nonce":"1787345307708051","tick":119}
{"t":1787345790.982,"who":"pb-taker","action":"place","outcome":"ok","hash":"ce0d9f5bdca980f0f87f2cfa635447095540e7f1051e77e73accca1f92ace594","ledger":4264638,"isBid":false,"limit":117,"qty":"2","crossed":1}
{"t":1787345791.053,"who":"pb-taker","action":"settle","outcome":"typed:UnknownOrder@simulation","nonce":"1787345307708059","tick":93}
{"t":1787345796.394,"who":"pb-maker","action":"place","outcome":"ok","hash":"a27fcb751f60ed2ce4e3a55f12abc0c6c1b973f2e445767028841f4e6f6e4e81","ledger":4264639,"isBid":false,"limit":124,"qty":"5","crossed":0}
{"t":1787345801.396,"who":"pb-taker","action":"place","outcome":"ok","hash":"263a03c944a5926b0069b17cc6b3a8adee5890a94b6d86baada943429505a00d","ledger":4264640,"isBid":true,"limit":120,"qty":"2","crossed":2}
{"t":1787345806.084,"who":"pb-taker","action":"settle","outcome":"ok","hash":"81e2c40584ced8b3a25f2fed8d8287e96995f913a195cc78a98ec4fdce6d102c","ledger":4264641,"nonce":"1787345307708061","tick":118}
{"t":1787345811.436,"who":"pb-maker","action":"place","outcome":"ok","hash":"c6e6dc1534b76947052f3618f217223d97ca98faffbd6d7a8f6c20676de9afba","ledger":4264642,"isBid":false,"limit":120,"qty":"6","crossed":0}
{"t":1787345816.122,"who":"pb-maker","action":"replace","outcome":"ok","hash":"476c2d6de111b1a7f65b1e21916fdb9c52da5887ec423bcd7b48a8f40aa4e54a","ledger":4264643,"from":121,"to":120}
{"t":1787345816.201,"who":"pb-maker","action":"replace","outcome":"typed:LevelFull@simulation","from":75,"to":76}
{"t":1787345820.972,"who":"pb-taker","action":"place","outcome":"ok","hash":"ce7c223d38378d9888601add996e86451730f671f16d1583dbd7878f2bf95c8a","ledger":4264644,"isBid":true,"limit":123,"qty":"1","crossed":1}
{"t":1787345821.032,"who":"pb-taker","action":"settle","outcome":"typed:UnknownOrder@simulation","nonce":"1787345307708068","tick":117}
{"t":1787345826.534,"who":"pb-maker","action":"place","outcome":"ok","hash":"1100d72f9d3a0cd64408c9280fbdb10ce66a52b5b88aa97a616cd214cf6518db","ledger":4264645,"isBid":true,"limit":74,"qty":"5","crossed":0}
{"t":1787345831.53,"who":"pb-maker","action":"settle","outcome":"ok","hash":"aaa75453502c3300c4effa845d127d355d3e5ebea9c0630ea080dd6b2f3c4d6e","ledger":4264646,"nonce":"1787345307708053","tick":128}
{"t":1787345836.249,"who":"pb-maker","action":"settle","outcome":"ok","hash":"81aed85c267668adb1cf9bb2de6fc3d236418260e105b657d1d928015d1da54c","ledger":4264647,"nonce":"1787345307708058","tick":76}
{"t":1787345841.128,"who":"pb-taker","action":"place","outcome":"ok","hash":"e3728e0c3f12eb819852b87231a8891cd40e923d5f75c3b3d730f6e34ccc6b38","ledger":4264648,"isBid":true,"limit":121,"qty":"3","crossed":1}
{"t":1787345841.463,"who":"pb-taker","action":"settle","outcome":"typed:UnknownOrder@simulation","nonce":"1787345307708070","tick":120}
{"t":1787345846.71,"who":"pb-maker","action":"place","outcome":"ok","hash":"6cb4f18cb63e9aa4fe4bb05067b2c1c71dd280d071e4459b1b3353bc80ec8835","ledger":4264649,"isBid":false,"limit":127,"qty":"5","crossed":0}
{"t":1787345851.7,"who":"pb-maker","action":"replace","outcome":"ok","hash":"4ee0c6845009129d8c2b3df50fe4c985288eb03312ee1982464f51c6930409bc","ledger":4264650,"from":124,"to":125}
{"t":1787345856.417,"who":"pb-maker","action":"replace","outcome":"ok","hash":"38aa9c290efdae3c3303767d379198ecb86fa4e5fd414f7de42056a1172b9b26","ledger":4264651,"from":120,"to":121}
{"t":1787345861.04,"who":"pb-maker","action":"settle","outcome":"ok","hash":"7a96cfaa36b6b1282226a1d2b51ed9eb2f0605461aa0b7d445cdda526dbb4bb9","ledger":4264652,"nonce":"1787345307708060","tick":120}
{"t":1787345868.27,"who":"pb-maker","action":"settle","outcome":"ok","hash":"320ae0babcddc7ea6fc4be88b15757ee59413be3c30b298224df7e2bed04f4b0","ledger":4264653,"nonce":"1787345307708067","tick":75}
{"t":1787345871.652,"who":"pb-taker","action":"place","outcome":"ok","hash":"345fbfe6d0bb9e851d61308812e98e8774eb73f10c328e356c422204e7196796","ledger":4264654,"isBid":false,"limit":92,"qty":"1","crossed":1}
{"t":1787345871.715,"who":"pb-taker","action":"settle","outcome":"typed:UnknownOrder@simulation","nonce":"1787345307708072","tick":123}
{"t":1787345873.927,"who":"pb-maker","action":"place","outcome":"typed:LevelFull@simulation","isBid":true,"limit":78,"qty":"4","crossed":0}
{"t":1787345874.065,"who":"pb-maker","action":"place","outcome":"typed:LevelFull@simulation","isBid":true,"limit":77,"qty":"2","crossed":0}
{"t":1787345874.279,"who":"pb-maker","action":"place","outcome":"typed:LevelFull@simulation","isBid":true,"limit":76,"qty":"5","crossed":0}
{"t":1787345876.367,"who":"pb-maker","action":"place","outcome":"ok","hash":"52d1a2ac86a82e09827a8e9645815c40a8deed1a8b8ba34c12876f0d3b2927f1","ledger":4264655,"isBid":true,"limit":75,"qty":"5","crossed":0}
{"t":1787345881.152,"who":"pb-taker","action":"place","outcome":"ok","hash":"39f706bf34f40ca09d8461c2e86ca76d27b51a88386b79b06c8e746c272ba567","ledger":4264656,"isBid":false,"limit":91,"qty":"1","crossed":1}
{"t":1787345881.228,"who":"pb-taker","action":"settle","outcome":"typed:UnknownOrder@simulation","nonce":"1787345307708074","tick":121}
{"t":1787345886.48,"who":"pb-maker","action":"place","outcome":"ok","hash":"139ef5570517e872bbaf943bc10b3588acdbbf8c5056f75ee93462428f8e2355","ledger":4264657,"isBid":true,"limit":75,"qty":"6","crossed":0}
{"t":1787345891.118,"who":"pb-maker","action":"replace","outcome":"ok","hash":"61f8073357faf536ca049bc1ca285055898f3b99e89eebe9eabe44b139ccc022","ledger":4264658,"from":74,"to":75}
{"t":1787345897.837,"who":"pb-maker","action":"replace","outcome":"ok","hash":"aa1660215622eca8294b975143e71cc9cf0d2bf73bf8bb02cc99dd28de4b49bf","ledger":4264659,"from":127,"to":128}
{"t":1787345902.463,"who":"pb-maker","action":"settle","outcome":"ok","hash":"2a8e76b4c3926510939ba41bb4a8ae5be75ec3b09a1b57c4cef7db791c6012a8","ledger":4264660,"nonce":"1787345307708069","tick":125}
{"t":1787345907.201,"who":"pb-maker","action":"settle","outcome":"ok","hash":"74879226b6084f4908df7673b3ac61a680ce85a3f41f70abe95fad226ec00d7c","ledger":4264661,"nonce":"1787345307708071","tick":121}
{"t":1787345912.238,"who":"pb-taker","action":"place","outcome":"ok","hash":"055bc73a958b138b4a30e84fe70bdf969cab21aa048f2fe5037a44e760415b9a","ledger":4264662,"isBid":true,"limit":123,"qty":"3","crossed":4}
{"t":1787345912.298,"who":"pb-taker","action":"settle","outcome":"typed:UnknownOrder@simulation","nonce":"1787345307708076","tick":92}
{"t":1787345916.508,"who":"pb-maker","action":"place","outcome":"ok","hash":"3155eaea30898619b920ef02c393b30be161ec662e1064f64ceaed8352bfd198","ledger":4264663,"isBid":false,"limit":124,"qty":"3","crossed":0}
{"t":1787345921.46,"who":"pb-taker","action":"place","outcome":"ok","hash":"d3805f295d9f962f1832f74ca1817515167206f338093a70a864dd3a74d63ae8","ledger":4264664,"isBid":true,"limit":127,"qty":"1","crossed":1}
{"t":1787345921.534,"who":"pb-taker","action":"settle","outcome":"typed:UnknownOrder@simulation","nonce":"1787345307708081","tick":91}
{"t":1787345926.776,"who":"pb-maker","action":"place","outcome":"ok","hash":"7b05f8f18ee34e60daea857f9a531f8c5da22f694d39520f37cbcf729d266d9d","ledger":4264665,"isBid":false,"limit":125,"qty":"5","crossed":0}
{"t":1787345926.837,"who":"pb-maker","action":"replace","outcome":"typed:LevelFull@simulation","from":75,"to":76}
{"t":1787345931.479,"who":"pb-maker","action":"replace","outcome":"ok","hash":"ca591706f44e871c196ebf1d42505d5e7d4c196ff1bfea7205fa45155a977bd0","ledger":4264666,"from":75,"to":74}
{"t":1787345936.331,"who":"pb-taker","action":"place","outcome":"ok","hash":"c317ef7b80a72c168e42f07a7c401ee1f61f39cd4d856107d449b435b501f043","ledger":4264667,"isBid":true,"limit":126,"qty":"4","crossed":2}
{"t":1787345943.193,"who":"pb-taker","action":"settle","outcome":"ok","hash":"83194fd4c9026b9e5a19b3038b99b87e8f6318134dfad7ef3b7d8b4cdb88bbb7","ledger":4264668,"nonce":"1787345307708083","tick":123}
{"t":1787345946.615,"who":"pb-maker","action":"place","outcome":"ok","hash":"2503480ebb4244f2946502b763baa8ae4b9e95d6f415ce4e9c55f921be17175a","ledger":4264669,"isBid":true,"limit":71,"qty":"5","crossed":0}
{"t":1787345951.327,"who":"pb-maker","action":"settle","outcome":"ok","hash":"12f942eb78d5abebe3770a4a72e8b77a1c21cebda10eff2e8615f9423371d56d","ledger":4264670,"nonce":"1787345307708073","tick":75}
{"t":1787345956.153,"who":"pb-maker","action":"settle","outcome":"ok","hash":"ffd5fc5463dab153b9cd82eb8916036ed14b572d85c7ed7bab709a8bc6b04d22","ledger":4264671,"nonce":"1787345307708075","tick":128}
{"t":1787345963.05,"who":"pb-taker","action":"place","outcome":"ok","hash":"d69751c4e42471a0c3e7136170788f9068848efcf0f14a2478cccde982b45104","ledger":4264672,"isBid":false,"limit":123,"qty":"1","crossed":1}
{"t":1787345963.118,"who":"pb-taker","action":"settle","outcome":"typed:UnknownOrder@simulation","nonce":"1787345307708085","tick":127}
{"t":1787345966.592,"who":"pb-maker","action":"place","outcome":"ok","hash":"a7b02022d53d503e1830f583656391f663c1f8a2e75ccff98c6e9e98fa726037","ledger":4264673,"isBid":false,"limit":123,"qty":"6","crossed":0}
{"t":1787345971.295,"who":"pb-maker","action":"replace","outcome":"ok","hash":"b946fe8af55cf849248dbd616dfd769f5caa0221e941f369e40c404e89f36481","ledger":4264674,"from":124,"to":125}
{"t":1787345978.06,"who":"pb-maker","action":"replace","outcome":"ok","hash":"99341858f966f1d1414f826278e8c3dffc01337151c4d5bad10fab19444e9116","ledger":4264675,"from":125,"to":126}
{"t":1787345982.673,"who":"pb-maker","action":"settle","outcome":"ok","hash":"ebf8b4658d7c263b248fc41666a434e6ac6c8e81490a001e8f73eea7b5ceb687","ledger":4264676,"nonce":"1787345307708080","tick":75}
{"t":1787345987.397,"who":"pb-maker","action":"settle","outcome":"ok","hash":"7a3c3545954b9ddb827ba6c468437415b746e5b2ef7f252ae7223eb1e2961d0e","ledger":4264677,"nonce":"1787345307708082","tick":74}
{"t":1787345992.279,"who":"pb-taker","action":"place","outcome":"ok","hash":"689cdc836e8bb3713785e95d5f4623f80f294aa951ad32d0a89e623259cf85ec","ledger":4264678,"isBid":true,"limit":126,"qty":"3","crossed":1}
{"t":1787345992.426,"who":"pb-taker","action":"settle","outcome":"typed:UnknownOrder@simulation","nonce":"1787345307708087","tick":126}
{"t":1787345996.696,"who":"pb-maker","action":"place","outcome":"ok","hash":"16074a5cc4b2a36752f4793a8b49b5d9d4462637addbc5c00024568783ed689a","ledger":4264679,"isBid":false,"limit":120,"qty":"6","crossed":0}
{"t":1787346001.659,"who":"pb-taker","action":"place","outcome":"ok","hash":"e3bd8b8ec8dbafcfa7a3d7c4de9a18f6f55081f3fc1bdbece425fc698359877d","ledger":4264680,"isBid":true,"limit":122,"qty":"4","crossed":1}
{"t":1787346001.72,"who":"pb-taker","action":"settle","outcome":"typed:UnknownOrder@simulation","nonce":"1787345307708089","tick":123}
{"t":1787346003.929,"who":"pb-maker","action":"place","outcome":"typed:LevelFull@simulation","isBid":true,"limit":80,"qty":"5","crossed":0}
{"t":1787346004.056,"who":"pb-maker","action":"place","outcome":"typed:LevelFull@simulation","isBid":true,"limit":79,"qty":"3","crossed":0}
{"t":1787346004.245,"who":"pb-maker","action":"place","outcome":"typed:LevelFull@simulation","isBid":true,"limit":78,"qty":"5","crossed":0}
{"t":1787346004.368,"who":"pb-maker","action":"place","outcome":"typed:LevelFull@simulation","isBid":true,"limit":77,"qty":"5","crossed":0}
{"t":1787346004.492,"who":"pb-maker","action":"place","outcome":"typed:LevelFull@simulation","isBid":true,"limit":76,"qty":"3","crossed":0}
{"t":1787346006.519,"who":"pb-maker","action":"place","outcome":"ok","hash":"1e627250864caf6367a48bde9a805aa172df028427121339cbb82a680db8b090","ledger":4264681,"isBid":true,"limit":75,"qty":"6","crossed":0}
{"t":1787346011.254,"who":"pb-maker","action":"replace","outcome":"ok","hash":"72bfa1455c1d89aba5bf9f4af74a023afc21ccd713b187732773f999784b05d9","ledger":4264682,"from":71,"to":70}
{"t":1787346017.931,"who":"pb-maker","action":"replace","outcome":"ok","hash":"92e082069fe9eabd0b202ba25c98268537c982951584bddc1f2dc9dd2c7611b5","ledger":4264683,"from":123,"to":124}
{"t":1787346022.729,"who":"pb-taker","action":"place","outcome":"ok","hash":"d479a509b417948894d3b11e152a0c7654d23b363b5276524b370053d241889e","ledger":4264684,"isBid":false,"limit":92,"qty":"3","crossed":1}
{"t":1787346022.817,"who":"pb-taker","action":"settle","outcome":"typed:UnknownOrder@simulation","nonce":"1787345307708091","tick":126}
{"t":1787346026.985,"who":"pb-maker","action":"place","outcome":"ok","hash":"d9b9c55036c407023ae53d3748d351224533d66d12cad9ae359a0d5be29efc86","ledger":4264685,"isBid":true,"limit":72,"qty":"6","crossed":0}
{"t":1787346031.608,"who":"pb-maker","action":"settle","outcome":"ok","hash":"7f440da3260d8f9b80cbb25c3d6305ce076b7808294c8ac6bf291faf5b5a3487","ledger":4264686,"nonce":"1787345307708084","tick":125}
{"t":1787346036.342,"who":"pb-maker","action":"settle","outcome":"ok","hash":"2ddb887943d30583d03e98eaa2a1e908928e371f332e61ad2458688986768f38","ledger":4264687,"nonce":"1787345307708086","tick":126}
{"t":1787346043.183,"who":"pb-taker","action":"place","outcome":"ok","hash":"cff3b783c2033aceb8a8a2c375c9a9018c6af831c89413774eb69396bf9805f6","ledger":4264688,"isBid":true,"limit":123,"qty":"4","crossed":2}
{"t":1787346043.246,"who":"pb-taker","action":"settle","outcome":"typed:UnknownOrder@simulation","nonce":"1787345307708093","tick":122}
{"t":1787346052.247,"who":"pb-maker","action":"place","outcome":"ok","hash":"f7d0209559a0b569b5717b33faf392da51af8f51cb432b62c05505d629dca3de","ledger":4264690,"isBid":false,"limit":128,"qty":"3","crossed":0}
{"t":1787346056.868,"who":"pb-maker","action":"replace","outcome":"ok","hash":"153cab47bdd71868b3d203b456e1eb58098f1c9a7b6f69c808e404d76921753d","ledger":4264691,"from":120,"to":119}
{"t":1787346061.55,"who":"pb-maker","action":"replace","outcome":"ok","hash":"486f4aef35065c0763f310d8f5c987efad38b6807e747b7f554612453f9cbb9f","ledger":4264692,"from":75,"to":74}
{"t":1787346068.331,"who":"pb-maker","action":"settle","outcome":"ok","hash":"637fb0ce7e3a5fb633b6beff692c7802e317fd6c4bf8aa440122b4f725c2f6c4","ledger":4264693,"nonce":"1787345307708088","tick":70}
{"t":1787346071.43,"who":"pb-maker","action":"settle","outcome":"ok","hash":"4d155a607f71d377bab3485de8f4c8b8231b137c934459aa2a2859fcd4334f19","ledger":4264694,"nonce":"1787345307708090","tick":124}
{"t":1787346078.315,"who":"pb-taker","action":"place","outcome":"ok","hash":"c169ee90d9a81bd0c2220804fed938fa080c3b3a891475d75a3a6457a63bf1f4","ledger":4264695,"isBid":true,"limit":121,"qty":"4","crossed":1}
{"t":1787346078.383,"who":"pb-taker","action":"settle","outcome":"typed:UnknownOrder@simulation","nonce":"1787345307708100","tick":92}
{"t":1787346081.502,"who":"pb-maker","action":"settle","outcome":"ok","hash":"3d81bb6a76a497466c27e2a80447f5f9c313ac11ab37e0f9b255a9ed1d6f0f9f","ledger":4264696,"nonce":"1787345307708101","tick":72}
{"t":1787346088.281,"who":"pb-maker","action":"settle","outcome":"ok","hash":"948ef793d359141ee47b66c55e9f93f702747646c498123ec124c6e909fbc5ab","ledger":4264697,"nonce":"1787345307708103","tick":128}
{"t":1787346091.442,"who":"pb-maker","action":"settle","outcome":"ok","hash":"f3985296006b15d91017206854e5784e645d8cc6869b02f5eb63fb60c9c89df8","ledger":4264698,"nonce":"1787345307708092","tick":119}
{"t":1787346098.119,"who":"pb-maker","action":"settle","outcome":"ok","hash":"5a85cba4afd25b8973cf2061e472cd152bf6e766191916dd7e14bd0f8b388625","ledger":4264699,"nonce":"1787345307708099","tick":74}
{"t":1787346098.178,"who":"pb-taker","action":"settle","outcome":"typed:UnknownOrder@simulation","nonce":"1787345307708102","tick":123}
{"t":1787346098.236,"who":"pb-taker","action":"settle","outcome":"typed:UnknownOrder@simulation","nonce":"1787345307708104","tick":121}
{"t":1787346098.289,"who":"soak","action":"done","outcome":"summary","start_ledger":4264541,"end_ledger":4264699,"txs":217,"counts":{"ok":153,"typed:LevelFull@simulation":32,"typed:UnknownOrder@simulation":31,"typed:Crossed@simulation":1}}
